# serializer version: 1
# name: TestX12SampleFilesWithoutSchema.test_parse_sample_file_no_schema[270_eligibility_inquiry]
  dict({
    'control_number': '000000001',
    'groups': list([
      dict({
        'control_number': '1',
        'functional_id': 'HS',
        'transactions': list([
          dict({
            'content': list([
              dict({
                'elements': list([
                  '0022',
                  '13',
                  '10001234',
                  '20210101',
                  '1230',
                ]),
                'tag': 'BHT',
                'type': 'segment',
              }),
              dict({
                'elements': list([
                  '1',
                  '',
                  '20',
                  '1',
                ]),
                'tag': 'HL',
                'type': 'segment',
              }),
              dict({
                'elements': list([
                  'PR',
                  '2',
                  'CMS MEDICARE',
                  '',
                  '',
                  '',
                  '',
                  'PI',
                  'CMS001',
                ]),
                'tag': 'NM1',
                'type': 'segment',
              }),
              dict({
                'elements': list([
                  '2',
                  '1',
                  '21',
                  '1',
                ]),
                'tag': 'HL',
                'type': 'segment',
              }),
              dict({
                'elements': list([
                  '1P',
                  '2',
                  'GENERAL HOSPITAL',
                  '',
                  '',
                  '',
                  '',
                  'XX',
                  '1234567890',
                ]),
                'tag': 'NM1',
                'type': 'segment',
              }),
              dict({
                'elements': list([
                  '3',
                  '2',
                  '22',
                  '0',
                ]),
                'tag': 'HL',
                'type': 'segment',
              }),
              dict({
                'elements': list([
                  '1',
                  '93175-0001',
                  '9877281234',
                ]),
                'tag': 'TRN',
                'type': 'segment',
              }),
              dict({
                'elements': list([
                  'IL',
                  '1',
                  'DOE',
                  'JOHN',
                  '',
                  '',
                  '',
                  'MI',
                  'MBI123456789',
                ]),
                'tag': 'NM1',
                'type': 'segment',
              }),
              dict({
                'elements': list([
                  'D8',
                  '19550512',
                ]),
                'tag': 'DMG',
                'type': 'segment',
              }),
              dict({
                'elements': list([
                  '291',
                  'D8',
                  '20210101',
                ]),
                'tag': 'DTP',
                'type': 'segment',
              }),
              dict({
                'elements': list([
                  '30',
                ]),
                'tag': 'EQ',
                'type': 'segment',
              }),
              dict({
                'elements': list([
                  '4',
                  '2',
                  '22',
                  '1',
                ]),
                'tag': 'HL',
                'type': 'segment',
              }),
              dict({
                'elements': list([
                  '1',
                  '93175-0002',
                  '9877281234',
                ]),
                'tag': 'TRN',
                'type': 'segment',
              }),
              dict({
                'elements': list([
                  'IL',
                  '1',
                  'SMITH',
                  'JANE',
                  '',
                  '',
                  '',
                  'MI',
                  'MBI987654321',
                ]),
                'tag': 'NM1',
                'type': 'segment',
              }),
              dict({
                'elements': list([
                  'D8',
                  '19800820',
                ]),
                'tag': 'DMG',
                'type': 'segment',
              }),
              dict({
                'elements': list([
                  '291',
                  'D8',
                  '20210101',
                ]),
                'tag': 'DTP',
                'type': 'segment',
              }),
              dict({
                'elements': list([
                  '33',
                ]),
                'tag': 'EQ',
                'type': 'segment',
              }),
              dict({
                'elements': list([
                  '5',
                  '4',
                  '23',
                  '0',
                ]),
                'tag': 'HL',
                'type': 'segment',
              }),
              dict({
                'elements': list([
                  '03',
                  '1',
                  'SMITH',
                  'BABY',
                  '',
                  '',
                  '',
                  'MI',
                  'MBI987654321',
                ]),
                'tag': 'NM1',
                'type': 'segment',
              }),
              dict({
                'elements': list([
                  'D8',
                  '20200101',
                  'M',
                ]),
                'tag': 'DMG',
                'type': 'segment',
              }),
              dict({
                'elements': list([
                  '291',
                  'D8',
                  '20210101',
                ]),
                'tag': 'DTP',
                'type': 'segment',
              }),
              dict({
                'elements': list([
                  '1',
                ]),
                'tag': 'EQ',
                'type': 'segment',
              }),
            ]),
            'control_number': '0001',
            'segment_count': 24,
            'transaction_id': '270',
          }),
        ]),
        'version': '005010X279A1',
      }),
    ]),
    'receiver_id': 'CMS',
    'sender_id': 'SUBMITTERID',
    'version': '00501',
  })
# ---
