# serializer version: 1
# name: TestX12SampleFiles.test_parse_sample_file_with_schema[276_claim_status_request]
  dict({
    'control_number': '000000001',
    'groups': list([
      dict({
        'control_number': '1',
        'functional_id': 'HR',
        'transactions': list([
          dict({
            'content': list([
              dict({
                'elements': list([
                  '0010',
                  '13',
                  '10001234',
                  '20210101',
                  '1230',
                ]),
                'tag': 'BHT',
                'type': 'segment',
              }),
              dict({
                'children': list([
                  dict({
                    'children': list([
                    ]),
                    'iteration': 1,
                    'loop_id': '2100',
                    'segments': list([
                      dict({
                        'elements': list([
                          'PR',
                          '2',
                          'PAYER NAME',
                          '',
                          '',
                          '',
                          '',
                          'PI',
                          'PAYER001',
                        ]),
                        'tag': 'NM1',
                        'type': 'segment',
                      }),
                    ]),
                    'type': 'loop',
                  }),
                  dict({
                    'children': list([
                      dict({
                        'children': list([
                        ]),
                        'iteration': 2,
                        'loop_id': '2100',
                        'segments': list([
                          dict({
                            'elements': list([
                              '41',
                              '2',
                              'PROVIDER NAME',
                              '',
                              '',
                              '',
                              '',
                              'XX',
                              '1234567890',
                            ]),
                            'tag': 'NM1',
                            'type': 'segment',
                          }),
                        ]),
                        'type': 'loop',
                      }),
                      dict({
                        'children': list([
                          dict({
                            'children': list([
                            ]),
                            'iteration': 3,
                            'loop_id': '2100',
                            'segments': list([
                              dict({
                                'elements': list([
                                  'IL',
                                  '1',
                                  'DOE',
                                  'JOHN',
                                  '',
                                  '',
                                  '',
                                  'MI',
                                  'MBI123456789',
                                ]),
                                'tag': 'NM1',
                                'type': 'segment',
                              }),
                            ]),
                            'type': 'loop',
                          }),
                          dict({
                            'children': list([
                            ]),
                            'iteration': 1,
                            'loop_id': '2200',
                            'segments': list([
                              dict({
                                'elements': list([
                                  '1',
                                  'CLM0012345',
                                ]),
                                'tag': 'TRN',
                                'type': 'segment',
                              }),
                              dict({
                                'elements': list([
                                  'T3',
                                  '150.00',
                                ]),
                                'tag': 'AMT',
                                'type': 'segment',
                              }),
                              dict({
                                'elements': list([
                                  '472',
                                  'D8',
                                  '20210101',
                                ]),
                                'tag': 'DTP',
                                'type': 'segment',
                              }),
                            ]),
                            'type': 'loop',
                          }),
                          dict({
                            'children': list([
                              dict({
                                'children': list([
                                ]),
                                'iteration': 4,
                                'loop_id': '2100',
                                'segments': list([
                                  dict({
                                    'elements': list([
                                      'IL',
                                      '1',
                                      'SMITH',
                                      'JANE',
                                      '',
                                      '',
                                      '',
                                      'MI',
                                      'MBI987654321',
                                    ]),
                                    'tag': 'NM1',
                                    'type': 'segment',
                                  }),
                                ]),
                                'type': 'loop',
                              }),
                              dict({
                                'children': list([
                                ]),
                                'iteration': 2,
                                'loop_id': '2200',
                                'segments': list([
                                  dict({
                                    'elements': list([
                                      '1',
                                      'CLM0012346',
                                    ]),
                                    'tag': 'TRN',
                                    'type': 'segment',
                                  }),
                                  dict({
                                    'elements': list([
                                      'T3',
                                      '4500.00',
                                    ]),
                                    'tag': 'AMT',
                                    'type': 'segment',
                                  }),
                                  dict({
                                    'elements': list([
                                      '472',
                                      'D8',
                                      '20210115',
                                    ]),
                                    'tag': 'DTP',
                                    'type': 'segment',
                                  }),
                                ]),
                                'type': 'loop',
                              }),
                            ]),
                            'iteration': 4,
                            'loop_id': '2000',
                            'segments': list([
                              dict({
                                'elements': list([
                                  '4',
                                  '2',
                                  '22',
                                  '0',
                                ]),
                                'tag': 'HL',
                                'type': 'segment',
                              }),
                            ]),
                            'type': 'loop',
                          }),
                        ]),
                        'iteration': 3,
                        'loop_id': '2000',
                        'segments': list([
                          dict({
                            'elements': list([
                              '3',
                              '2',
                              '22',
                              '0',
                            ]),
                            'tag': 'HL',
                            'type': 'segment',
                          }),
                        ]),
                        'type': 'loop',
                      }),
                    ]),
                    'iteration': 2,
                    'loop_id': '2000',
                    'segments': list([
                      dict({
                        'elements': list([
                          '2',
                          '1',
                          '21',
                          '1',
                        ]),
                        'tag': 'HL',
                        'type': 'segment',
                      }),
                    ]),
                    'type': 'loop',
                  }),
                ]),
                'iteration': 1,
                'loop_id': '2000',
                'segments': list([
                  dict({
                    'elements': list([
                      '1',
                      '',
                      '20',
                      '1',
                    ]),
                    'tag': 'HL',
                    'type': 'segment',
                  }),
                ]),
                'type': 'loop',
              }),
            ]),
            'control_number': '0001',
            'segment_count': 17,
            'transaction_id': '276',
          }),
        ]),
        'version': '005010X212',
      }),
    ]),
    'receiver_id': 'PAYERID',
    'sender_id': 'SUBMITTERID',
    'version': '00501',
  })
# ---
