# serializer version: 1
# name: TestX12SampleFiles.test_parse_sample_file_with_schema[810_invoice]
  dict({
    'control_number': '000001320',
    'groups': list([
      dict({
        'control_number': '1320',
        'functional_id': 'IN',
        'transactions': list([
          dict({
            'content': list([
              dict({
                'elements': list([
                  '20101204',
                  '217224',
                  '20101204',
                  'P792940',
                ]),
                'tag': 'BIG',
                'type': 'segment',
              }),
              dict({
                'elements': list([
                  'DP',
                  '099',
                ]),
                'tag': 'REF',
                'type': 'segment',
              }),
              dict({
                'elements': list([
                  'IA',
                  '99999',
                ]),
                'tag': 'REF',
                'type': 'segment',
              }),
              dict({
                'children': list([
                ]),
                'iteration': 1,
                'loop_id': 'N1',
                'segments': list([
                  dict({
                    'elements': list([
                      'ST',
                      '',
                      '92',
                      '123',
                    ]),
                    'tag': 'N1',
                    'type': 'segment',
                  }),
                ]),
                'type': 'loop',
              }),
              dict({
                'children': list([
                ]),
                'iteration': 2,
                'loop_id': 'N1',
                'segments': list([
                  dict({
                    'elements': list([
                      'BT',
                      'CustomerA',
                      '92',
                      '123',
                    ]),
                    'tag': 'N1',
                    'type': 'segment',
                  }),
                  dict({
                    'elements': list([
                      'BD',
                      'Customer',
                      'EM',
                      'admin@domain.com',
                    ]),
                    'tag': 'PER',
                    'type': 'segment',
                  }),
                ]),
                'type': 'loop',
              }),
              dict({
                'elements': list([
                  '01',
                  '3',
                  '',
                  '',
                  '0',
                  '',
                  '60',
                ]),
                'tag': 'ITD',
                'type': 'segment',
              }),
              dict({
                'children': list([
                  dict({
                    'children': list([
                    ]),
                    'iteration': 1,
                    'loop_id': 'PID',
                    'segments': list([
                      dict({
                        'elements': list([
                          'F',
                          '',
                          '',
                          '',
                          'Item Description',
                        ]),
                        'tag': 'PID',
                        'type': 'segment',
                      }),
                    ]),
                    'type': 'loop',
                  }),
                  dict({
                    'children': list([
                    ]),
                    'iteration': 1,
                    'loop_id': 'SAC',
                    'segments': list([
                      dict({
                        'elements': list([
                          'C',
                          'D240',
                          '',
                          '',
                          '100',
                        ]),
                        'tag': 'SAC',
                        'type': 'segment',
                      }),
                    ]),
                    'type': 'loop',
                  }),
                ]),
                'iteration': 1,
                'loop_id': 'IT1',
                'segments': list([
                  dict({
                    'elements': list([
                      '1',
                      '4',
                      'EA',
                      '8.60',
                      '',
                      'UP',
                      '999999330023',
                    ]),
                    'tag': 'IT1',
                    'type': 'segment',
                  }),
                ]),
                'type': 'loop',
              }),
              dict({
                'elements': list([
                  '21740',
                ]),
                'tag': 'TDS',
                'type': 'segment',
              }),
              dict({
                'elements': list([
                  '',
                  '',
                  '',
                  '',
                  'GTCT',
                  '',
                  'BM',
                  '99999',
                ]),
                'tag': 'CAD',
                'type': 'segment',
              }),
              dict({
                'elements': list([
                  '8',
                ]),
                'tag': 'CTT',
                'type': 'segment',
              }),
            ]),
            'control_number': '1004',
            'segment_count': 15,
            'transaction_id': '810',
          }),
        ]),
        'version': '004010VICS',
      }),
    ]),
    'receiver_id': '9999999999',
    'sender_id': 'ABCCOM',
    'version': '00401',
  })
# ---
